#
# There is insufficient memory for the Java Runtime Environment to continue.
# Native memory allocation (mmap) failed to map 130023424 bytes. Error detail: G1 virtual space
# Possible reasons:
#   The system is out of physical RAM or swap space
#   This process is running with CompressedOops enabled, and the Java Heap may be blocking the growth of the native heap
# Possible solutions:
#   Reduce memory load on the system
#   Increase physical memory or swap space
#   Check if swap backing store is full
#   Decrease Java heap size (-Xmx/-Xms)
#   Decrease number of Java threads
#   Decrease Java thread stack sizes (-Xss)
#   Set larger code cache with -XX:ReservedCodeCacheSize=
#   JVM is running with Unscaled Compressed Oops mode in which the Java heap is
#     placed in the first 4GB address space. The Java Heap base address is the
#     maximum limit for the native heap growth. Please use -XX:HeapBaseMinAddress
#     to set the Java Heap base and to place the Java Heap above 4GB virtual address.
# This output file may be truncated or incomplete.
#
#  Out of Memory Error (os_windows.cpp:3707), pid=28980, tid=24204
#
# JRE version:  (23.0.2+7) (build )
# Java VM: Java HotSpot(TM) 64-Bit Server VM (23.0.2+7-58, mixed mode, sharing, tiered, compressed oops, compressed class ptrs, g1 gc, windows-amd64)
# No core dump will be written. Minidumps are not enabled by default on client versions of Windows
#

---------------  S U M M A R Y ------------

Command Line: -Dfile.encoding=UTF-8 -Dstdout.encoding=UTF-8 -Dstderr.encoding=UTF-8 -XX:+ShowCodeDetailsInExceptionMessages com.huynhthanhtrinh.seafood_store.SeafoodStoreApplication

Host: 12th Gen Intel(R) Core(TM) i5-12450H, 12 cores, 7G,  Windows 11 , 64 bit Build 26100 (10.0.26100.8328)
Time: Sat May 30 23:48:43 2026 SE Asia Standard Time elapsed time: 2.037470 seconds (0d 0h 0m 2s)

---------------  T H R E A D  ---------------

Current thread (0x000001c2ef43a060):  JavaThread "Unknown thread" [_thread_in_vm, id=24204, stack(0x0000001bbaa00000,0x0000001bbab00000) (1024K)]

Stack: [0x0000001bbaa00000,0x0000001bbab00000]
Native frames: (J=compiled Java code, j=interpreted, Vv=VM code, C=native code)
V  [jvm.dll+0x6e0b99]  (no source info available)
V  [jvm.dll+0x87e2b3]  (no source info available)
V  [jvm.dll+0x88073e]  (no source info available)
V  [jvm.dll+0x880e13]  (no source info available)
V  [jvm.dll+0x27b006]  (no source info available)
V  [jvm.dll+0x6dd485]  (no source info available)
V  [jvm.dll+0x6d127a]  (no source info available)
V  [jvm.dll+0x35b50a]  (no source info available)
V  [jvm.dll+0x363916]  (no source info available)
V  [jvm.dll+0x34fe7e]  (no source info available)
V  [jvm.dll+0x350118]  (no source info available)
V  [jvm.dll+0x328aec]  (no source info available)
V  [jvm.dll+0x32978e]  (no source info available)
V  [jvm.dll+0x8449a5]  (no source info available)
V  [jvm.dll+0x3b9a08]  (no source info available)
V  [jvm.dll+0x82d68c]  (no source info available)
V  [jvm.dll+0x454f2e]  (no source info available)
V  [jvm.dll+0x456db1]  (no source info available)
C  [jli.dll+0x52a3]  (no source info available)
C  [ucrtbase.dll+0x37b0]  (no source info available)
C  [KERNEL32.DLL+0x2e957]  (no source info available)
C  [ntdll.dll+0x427c]  (no source info available)

Lock stack of current Java thread (top to bottom):


---------------  P R O C E S S  ---------------

Threads class SMR info:
_java_thread_list=0x00007ff9c15e4618, length=0, elements={
}

Java Threads: ( => current thread )
Total: 0

Other Threads:
  0x000001c2f17fcf70 WorkerThread "GC Thread#0"                     [id=16004, stack(0x0000001bbab00000,0x0000001bbac00000) (1024K)]
  0x000001c2f182e130 ConcurrentGCThread "G1 Main Marker"            [id=8304, stack(0x0000001bbac00000,0x0000001bbad00000) (1024K)]
  0x000001c2f1839900 WorkerThread "G1 Conc#0"                       [id=27296, stack(0x0000001bbad00000,0x0000001bbae00000) (1024K)]

[error occurred during error reporting (printing all threads), id 0xc0000005, EXCEPTION_ACCESS_VIOLATION (0xc0000005) at pc=0x00007ff9c0d2c0da]
VM state: not at safepoint (not fully initialized)

VM Mutex/Monitor currently owned by a thread:  ([mutex/lock_event])
[0x00007ff9c1664988] Heap_lock - owner thread: 0x000001c2ef43a060

Heap address: 0x0000000085e00000, size: 1954 MB, Compressed Oops mode: 32-bit

CDS archive(s) mapped at: [0x0000000000000000-0x0000000000000000-0x0000000000000000), size 0, SharedBaseAddress: 0x0000000800000000, ArchiveRelocationMode: 1.
Narrow klass base: 0x0000000000000000, Narrow klass shift: 0, Narrow klass range: 0x0

GC Precious Log:
 CardTable entry size: 512
 Card Set container configuration: InlinePtr #cards 5 size 8 Array Of Cards #cards 10 size 36 Howl #buckets 4 coarsen threshold 1843 Howl Bitmap #cards 512 size 80 coarsen threshold 460 Card regions per heap region 1 cards per card region 2048

Heap:
 garbage-first heap   total reserved 2000896K, committed 0K, used 0K [0x0000000085e00000, 0x0000000100000000)
  region size 1024K, 0 young (0K), 0 survivors (0K)

[error occurred during error reporting (printing heap information), id 0xc0000005, EXCEPTION_ACCESS_VIOLATION (0xc0000005) at pc=0x00007ff9c112c6a9]
GC Heap History (0 events):
No events

Dll operation events (1 events):
Event: 0.011 Loaded shared library C:\Program Files\Java\jdk-23\bin\java.dll

Deoptimization events (0 events):
No events

Classes loaded (0 events):
No events

Classes unloaded (0 events):
No events

Classes redefined (0 events):
No events

Internal exceptions (0 events):
No events

VM Operations (0 events):
No events

Memory protections (0 events):
No events

Nmethod flushes (0 events):
No events

Events (0 events):
No events


Dynamic libraries:
0x00007ff7b0df0000 - 0x00007ff7b0e00000 	C:\Program Files\Java\jdk-23\bin\javaw.exe
0x00007ffa9b8e0000 - 0x00007ffa9bb47000 	C:\WINDOWS\SYSTEM32\ntdll.dll
0x00007ffa9a960000 - 0x00007ffa9aa29000 	C:\WINDOWS\System32\KERNEL32.DLL
0x00007ffa985c0000 - 0x00007ffa989b7000 	C:\WINDOWS\System32\KERNELBASE.dll
0x00007ffa98310000 - 0x00007ffa9845b000 	C:\WINDOWS\System32\ucrtbase.dll
0x00007ffa7a5f0000 - 0x00007ffa7a60b000 	C:\Program Files\Java\jdk-23\bin\VCRUNTIME140.dll
0x00007ffa7edd0000 - 0x00007ffa7ede7000 	C:\Program Files\Java\jdk-23\bin\jli.dll
0x00007ffa9a030000 - 0x00007ffa9a1f6000 	C:\WINDOWS\System32\USER32.dll
0x00007ffa7d780000 - 0x00007ffa7da12000 	C:\WINDOWS\WinSxS\amd64_microsoft.windows.common-controls_6595b64144ccf1df_6.0.26100.8457_none_3e0b2faee331e92d\COMCTL32.dll
0x00007ffa98590000 - 0x00007ffa985b7000 	C:\WINDOWS\System32\win32u.dll
0x00007ffa998d0000 - 0x00007ffa99979000 	C:\WINDOWS\System32\msvcrt.dll
0x00007ffa9aee0000 - 0x00007ffa9af0b000 	C:\WINDOWS\System32\GDI32.dll
0x00007ffa98460000 - 0x00007ffa9858c000 	C:\WINDOWS\System32\gdi32full.dll
0x00007ffa98b40000 - 0x00007ffa98be3000 	C:\WINDOWS\System32\msvcp_win.dll
0x00007ffa99f10000 - 0x00007ffa99f42000 	C:\WINDOWS\System32\IMM32.DLL
0x00007ffa80210000 - 0x00007ffa8021c000 	C:\Program Files\Java\jdk-23\bin\vcruntime140_1.dll
0x00007ffa67c20000 - 0x00007ffa67cae000 	C:\Program Files\Java\jdk-23\bin\msvcp140.dll
0x00007ff9c09f0000 - 0x00007ff9c1740000 	C:\Program Files\Java\jdk-23\bin\server\jvm.dll
0x00007ffa997c0000 - 0x00007ffa99876000 	C:\WINDOWS\System32\ADVAPI32.dll
0x00007ffa9b070000 - 0x00007ffa9b117000 	C:\WINDOWS\System32\sechost.dll
0x00007ffa9a840000 - 0x00007ffa9a958000 	C:\WINDOWS\System32\RPCRT4.dll
0x00007ffa9a200000 - 0x00007ffa9a280000 	C:\WINDOWS\System32\WS2_32.dll
0x00007ffa97fc0000 - 0x00007ffa9801e000 	C:\WINDOWS\SYSTEM32\POWRPROF.dll
0x00007ffa8aa00000 - 0x00007ffa8aa36000 	C:\WINDOWS\SYSTEM32\WINMM.dll
0x00007ffa8fff0000 - 0x00007ffa8fffb000 	C:\WINDOWS\SYSTEM32\VERSION.dll
0x00007ffa97fa0000 - 0x00007ffa97fb4000 	C:\WINDOWS\SYSTEM32\UMPDC.dll
0x00007ffa970a0000 - 0x00007ffa970bb000 	C:\WINDOWS\SYSTEM32\kernel.appcore.dll
0x00007ffa922a0000 - 0x00007ffa922aa000 	C:\Program Files\Java\jdk-23\bin\jimage.dll
0x00007ffa96010000 - 0x00007ffa96252000 	C:\WINDOWS\SYSTEM32\DBGHELP.DLL
0x00007ffa9aa40000 - 0x00007ffa9adc3000 	C:\WINDOWS\System32\combase.dll
0x00007ffa99f50000 - 0x00007ffa9a029000 	C:\WINDOWS\System32\OLEAUT32.dll
0x00007ffa80240000 - 0x00007ffa8027b000 	C:\WINDOWS\SYSTEM32\dbgcore.DLL
0x00007ffa98bf0000 - 0x00007ffa98c98000 	C:\WINDOWS\System32\bcryptPrimitives.dll
0x00007ffa7fee0000 - 0x00007ffa7fefe000 	C:\Program Files\Java\jdk-23\bin\java.dll
0x00007ffa9a290000 - 0x00007ffa9a427000 	C:\WINDOWS\System32\ole32.dll
0x00007ffa9b120000 - 0x00007ffa9b88e000 	C:\WINDOWS\System32\SHELL32.dll

dbghelp: loaded successfully - version: 4.0.5 - missing functions: none
symbol engine: initialized successfully - sym options: 0x614 - pdb path: .;C:\Program Files\Java\jdk-23\bin;C:\WINDOWS\SYSTEM32;C:\WINDOWS\WinSxS\amd64_microsoft.windows.common-controls_6595b64144ccf1df_6.0.26100.8457_none_3e0b2faee331e92d;C:\Program Files\Java\jdk-23\bin\server

VM Arguments:
jvm_args: -Dfile.encoding=UTF-8 -Dstdout.encoding=UTF-8 -Dstderr.encoding=UTF-8 -XX:+ShowCodeDetailsInExceptionMessages 
java_command: com.huynhthanhtrinh.seafood_store.SeafoodStoreApplication
java_class_path (initial): D:\Ki 2 nam 3\DoAnWeb\65133949_DoAnWeb\seafood-store\seafood-store\target\classes;C:\Users\huynh\.m2\repository\org\springframework\boot\spring-boot-starter-data-mongodb\4.0.6\spring-boot-starter-data-mongodb-4.0.6.jar;C:\Users\huynh\.m2\repository\org\springframework\boot\spring-boot-starter-mongodb\4.0.6\spring-boot-starter-mongodb-4.0.6.jar;C:\Users\huynh\.m2\repository\org\springframework\boot\spring-boot-mongodb\4.0.6\spring-boot-mongodb-4.0.6.jar;C:\Users\huynh\.m2\repository\org\mongodb\mongodb-driver-sync\5.6.5\mongodb-driver-sync-5.6.5.jar;C:\Users\huynh\.m2\repository\org\mongodb\bson\5.6.5\bson-5.6.5.jar;C:\Users\huynh\.m2\repository\org\mongodb\mongodb-driver-core\5.6.5\mongodb-driver-core-5.6.5.jar;C:\Users\huynh\.m2\repository\org\mongodb\bson-record-codec\5.6.5\bson-record-codec-5.6.5.jar;C:\Users\huynh\.m2\repository\org\springframework\boot\spring-boot-data-mongodb\4.0.6\spring-boot-data-mongodb-4.0.6.jar;C:\Users\huynh\.m2\repository\org\springframework\boot\spring-boot-data-commons\4.0.6\spring-boot-data-commons-4.0.6.jar;C:\Users\huynh\.m2\repository\org\springframework\boot\spring-boot-persistence\4.0.6\spring-boot-persistence-4.0.6.jar;C:\Users\huynh\.m2\repository\org\springframework\data\spring-data-commons\4.0.5\spring-data-commons-4.0.5.jar;C:\Users\huynh\.m2\repository\org\springframework\boot\spring-boot-transaction\4.0.6\spring-boot-transaction-4.0.6.jar;C:\Users\huynh\.m2\repository\org\springframework\spring-tx\7.0.7\spring-tx-7.0.7.jar;C:\Users\huynh\.m2\repository\org\springframework\data\spring-data-mongodb\5.0.5\spring-data-mongodb-5.0.5.jar;C:\Users\huynh\.m2\repository\org\springframework\spring-beans\7.0.7\spring-beans-7.0.7.jar;C:\Users\huynh\.m2\repository\org\springframework\spring-expression\7.0.7\spring-expression-7.0.7.jar;C:\Users\huynh\.m2\repository\org\slf4j\slf4j-api\2.0.17\slf4j-api-2.0.17.jar;C:\Users\huynh\.m2\repository\org\springframework\boot\spring-boot-starter-webmvc\4.0.6\spring-boot-starter-webmvc-4.0.6.jar;C:\Users\huynh\.m2\repository\org\springframework\boot\spring-boot-starter\4.0.6\spring-boot-starter-4.0.6.jar;C:\Users\huynh\.m2\repository\org\springframework\boot\spring-boot-starter-logging\4.0.6\spring-boot-starter-logging-4.0.6.jar;C:\Users\huynh\.m2\repository\ch\qos\logback\logback-classic\1.5.32\logback-classic-1.5.32.jar;C:\Users\huynh\.m2\repository\ch\qos\logback\logback-core\1.5.32\logback-core-1.5.32.jar;C:\Users\huynh\.m2\repository\org\apache\logging\log4j\log4j-to-slf4j\2.25.4\log4j-to-slf4j-2.25.4.jar;C:\Users\huynh\.m2\repository\org\apache\logging\log4j\log4j-api\2.25.4\log4j-api-2.25.4.jar;C:\Users\huynh\.m2\repository\org\slf4j\jul-to-slf4j\2.0.17\jul-to-slf4j-2.0.17.jar;C:\Users\huynh\.m2\repository\jakarta\annotation\jakarta.annotation-api\3.0.0\jakarta.annotation-api-3.0.0.jar;C:\Users\huynh\.m2\repository\org\yaml\snakeyaml\2.5\snakeyaml-2.5.jar;C:\Users\huynh\.m2\repository\org\springframework\boot\spring-boot-starter-jackson\4.0.6\spring-boot-starter-jackson-4.0.6.jar;C:\Users\huynh\.m2\repository\org\springframework\boot\spring-boot-jackson\4.0.6\spring-boot-jackson-4.0.6.jar;C:\Users\huynh\.m2\repository\tools\jackson\core\jackson-databind\3.1.2\jackson-databind-3.1.2.jar;C:\Users\huynh\.m2\repository\com\fasterxml\jackson\core\jackson-annotations\2.21\jackson-annotations-2.21.jar;C:\Users\huynh\.m2\repository\tools\jackson\core\jackson-core\3.1.2\jackson-core-3.1.2.jar;C:\Users\huynh\.m2\repository\org\springframework\boot\spring-boot-starter-tomcat\4.0.6\spring-boot-starter-tomcat-4.0.6.jar;C:\Users\huynh\.m2\repository\org\springframework\boot\spring-boot-starter-tomcat-runtime\4.0.6\spring-boot-starter-tomcat-runtime-4.0.6.jar;C:\Users\huynh\.m2\repository\org\apache\tomcat\embed\tomcat-embed-core\11.0.21\tomcat-embed-core-11.0.21.jar;C:\Users\huynh\.m2\repository\org\apache\tomcat\embed\tomcat-embed-el\11.0.21\tomcat-embed-el-11.0.21.jar;C:\Users\huynh\.m2\repository\org\apache\tomcat\embed\tomcat-embed-websocket\11.0.21\tomcat-embed-websocket-11.0.21.jar;C:\Users\huynh\.m2\repository\org\springframework\boot\spring-boot-tomcat\4.0.6\spring-boot-tomcat-4.0.6.jar;C:\Users\huynh\.m2\repository\org\springframework\boot\spring-boot-http-converter\4.0.6\spring-boot-http-converter-4.0.6.jar;C:\Users\huynh\.m2\repository\org\springframework\spring-web\7.0.7\spring-web-7.0.7.jar;C:\Users\huynh\.m2\repository\io\micrometer\micrometer-observation\1.16.5\micrometer-observation-1.16.5.jar;C:\Users\huynh\.m2\repository\io\micrometer\micrometer-commons\1.16.5\micrometer-commons-1.16.5.jar;C:\Users\huynh\.m2\repository\org\springframework\boot\spring-boot-webmvc\4.0.6\spring-boot-webmvc-4.0.6.jar;C:\Users\huynh\.m2\repository\org\springframework\boot\spring-boot-servlet\4.0.6\spring-boot-servlet-4.0.6.jar;C:\Users\huynh\.m2\repository\org\springframework\spring-webmvc\7.0.7\spring-webmvc-7.0.7.jar;C:\Users\huynh\.m2\repository\org\springframework\spring-aop\7.0.7\spring-aop-7.0.7.jar;C:\Users\huynh\.m2\repository\org\springframework\boot\spring-boot-devtools\4.0.6\spring-boot-devtools-4.0.6.jar;C:\Users\huynh\.m2\repository\org\springframework\boot\spring-boot\4.0.6\spring-boot-4.0.6.jar;C:\Users\huynh\.m2\repository\org\springframework\spring-core\7.0.7\spring-core-7.0.7.jar;C:\Users\huynh\.m2\repository\commons-logging\commons-logging\1.3.6\commons-logging-1.3.6.jar;C:\Users\huynh\.m2\repository\org\jspecify\jspecify\1.0.0\jspecify-1.0.0.jar;C:\Users\huynh\.m2\repository\org\springframework\spring-context\7.0.7\spring-context-7.0.7.jar;C:\Users\huynh\.m2\repository\org\springframework\boot\spring-boot-autoconfigure\4.0.6\spring-boot-autoconfigure-4.0.6.jar;C:\Users\huynh\.m2\repository\org\springframework\boot\spring-boot-web-server\4.0.6\spring-boot-web-server-4.0.6.jar
Launcher Type: SUN_STANDARD

[Global flags]
     intx CICompilerCount                          = 4                                         {product} {ergonomic}
     uint ConcGCThreads                            = 3                                         {product} {ergonomic}
     uint G1ConcRefinementThreads                  = 10                                        {product} {ergonomic}
   size_t G1HeapRegionSize                         = 1048576                                   {product} {ergonomic}
   size_t InitialHeapSize                          = 130023424                                 {product} {ergonomic}
   size_t MarkStackSize                            = 4194304                                   {product} {ergonomic}
   size_t MarkStackSizeMax                         = 536870912                                 {product} {ergonomic}
   size_t MaxHeapSize                              = 2048917504                                {product} {ergonomic}
   size_t MinHeapDeltaBytes                        = 1048576                                   {product} {ergonomic}
   size_t MinHeapSize                              = 8388608                                   {product} {ergonomic}
    uintx NonNMethodCodeHeapSize                   = 5832704                                {pd product} {ergonomic}
    uintx NonProfiledCodeHeapSize                  = 122945536                              {pd product} {ergonomic}
    uintx ProfiledCodeHeapSize                     = 122880000                              {pd product} {ergonomic}
    uintx ReservedCodeCacheSize                    = 251658240                              {pd product} {ergonomic}
     bool SegmentedCodeCache                       = true                                      {product} {ergonomic}
     bool ShowCodeDetailsInExceptionMessages       = true                                   {manageable} {command line}
   size_t SoftMaxHeapSize                          = 2048917504                             {manageable} {ergonomic}
     bool UseCompressedOops                        = true                           {product lp64_product} {ergonomic}
     bool UseG1GC                                  = true                                      {product} {ergonomic}
     bool UseLargePagesIndividualAllocation        = false                                  {pd product} {ergonomic}

Logging:
Log output configuration:
 #0: stdout all=warning uptime,level,tags foldmultilines=false
 #1: stderr all=off uptime,level,tags foldmultilines=false

Environment Variables:
JAVA_HOME=C:\Program Files\Eclipse Adoptium\jdk-21.0.6.7-hotspot
CLASSPATH=D:\ki2_nam2\Java\openjfx-21.0.6_windows-x64_bin-sdk\javafx-sdk-21.0.6\lib
PATH=C:/Program Files/Java/jdk-23/bin/server;C:/Program Files/Java/jdk-23/bin;C:\Program Files (x86)\Common Files\Oracle\Java\javapath;C:\Program Files\Eclipse Adoptium\jdk-21.0.6.7-hotspot\bin;C:\Windows\system32;C:\Windows;C:\Windows\System32\Wbem;C:\Windows\System32\WindowsPowerShell\v1.0\;C:\Windows\System32\OpenSSH\;C:\Program Files (x86)\NVIDIA Corporation\PhysX\Common;C:\Program Files\NVIDIA Corporation\NVIDIA NvDLISR;C:\WINDOWS\system32;C:\WINDOWS;C:\WINDOWS\System32\Wbem;C:\WINDOWS\System32\WindowsPowerShell\v1.0\;C:\WINDOWS\System32\OpenSSH\;C:\Program Files (x86)\Windows Kits\10\Windows Performance Toolkit\;C:\Program Files\Microsoft SQL Server\Client SDK\ODBC\170\Tools\Binn\;C:\Program Files\dotnet\;C:\Program Files\Cloudflare\Cloudflare WARP\;C:\Program Files\Microsoft SQL Server\Client SDK\ODBC\110\Tools\Binn\;C:\Program Files (x86)\Microsoft SQL Server\160\Tools\Binn\;C:\Program Files\Microsoft SQL Server\160\Tools\Binn\;C:\Program Files\Microsoft SQL Server\160\DTS\Binn\;C:\Program Files (x86)\Microsoft SQL Server\160\DTS\Binn\;C:\Program Files\Java\jdk-23\bin;C:\Program Files (x86)\NoteBook FanControl\;C:\Program Files\Git\cmd;C:\Program Files\nodejs\;C:\Program Files\Microsoft SQL Server\150\Tools\Binn\;C:\Program Files\Docker\Docker\resources\bin;C:\Users\huynh\AppData\Local\Programs\Python\Python312\Scripts\;C:\Users\huynh\AppData\Local\Programs\Python\Python312\;C:\Users\huynh\AppData\Local\Programs\Python\Launcher\;C:\Users\huynh\AppData\Local\Microsoft\WindowsApps;C:\Users\huynh\AppData\Local\Programs\Microsoft VS Code\bin;C:\Users\huynh\.dotnet\tools;C:\Program Files (x86)\Dev-Cpp\MinGW64\bin;C:\Users\huynh\AppData\Local\Muse Hub\lib;C:\Users\huynh\AppData\Roaming\npm;C:\ProgramData\huynh\GitHubDesktop\bin;C:\Program Files\Java\jdk-11.0.30\bin;;C:\WINDOWS\system32;
USERNAME=huynh
OS=Windows_NT
PROCESSOR_IDENTIFIER=Intel64 Family 6 Model 154 Stepping 3, GenuineIntel
TMP=C:\Users\huynh\AppData\Local\Temp
TEMP=C:\Users\huynh\AppData\Local\Temp




Periodic native trim disabled

---------------  S Y S T E M  ---------------

OS:
 Windows 11 , 64 bit Build 26100 (10.0.26100.8328)
OS uptime: 0 days 7:35 hours
Hyper-V role detected

CPU: total 12 (initial active 12) (6 cores per cpu, 2 threads per core) family 6 model 154 stepping 3 microcode 0x429, cx8, cmov, fxsr, ht, mmx, 3dnowpref, sse, sse2, sse3, ssse3, sse4.1, sse4.2, popcnt, lzcnt, tsc, tscinvbit, avx, avx2, aes, erms, clmul, bmi1, bmi2, adx, sha, fma, vzeroupper, clflush, clflushopt, clwb, hv, serialize, rdtscp, rdpid, fsrm, gfni, f16c, cet_ibt, cet_ss
Processor Information for the first 12 processors :
  Max Mhz: 2000, Current Mhz: 2000, Mhz Limit: 2000

Memory: 4k page, system-wide physical 7812M (494M free)
TotalPageFile size 20312M (AvailPageFile size 35M)
current process WorkingSet (physical memory assigned to process): 13M, peak: 13M
current process commit charge ("private bytes"): 65M, peak: 188M

vm_info: Java HotSpot(TM) 64-Bit Server VM (23.0.2+7-58) for windows-amd64 JRE (23.0.2+7-58), built on 2024-11-29T09:34:55Z with MS VC++ 17.6 (VS2022)

END.
